2026-09-17 18:07:36 [INFO] Processing 20 audio files
2026-09-17 18:07:37 [INFO] Creating Separator(model='htdemucs', device='cpu') once (local singleton patch)
2026-09-17 18:07:37 [INFO] HTTP Request: GET https://huggingface.co/api/agent-harnesses "HTTP/1.1 200 OK"
2026-09-17 18:07:38 [INFO] HTTP Request: HEAD https://huggingface.co/adefossez/HTDemucs/resolve/main/htdemucs.yaml "HTTP/1.1 307 Temporary Redirect"
Warning: You are sending unauthenticated requests to the HF Hub. Please set a HF_TOKEN to enable higher rate limits and faster downloads.
2026-09-17 18:07:38 [WARNING] Warning: You are sending unauthenticated requests to the HF Hub. Please set a HF_TOKEN to enable higher rate limits and faster downloads.
2026-09-17 18:07:38 [INFO] HTTP Request: HEAD https://huggingface.co/api/resolve-cache/models/adefossez/HTDemucs/cbc8a9b1a87023b7fd74e7b3412e6321c0eab003/htdemucs.yaml?%2Fadefossez%2FHTDemucs%2Fresolve%2Fmain%2Fhtdemucs.yaml=&etag=%220d5f2089fa3e1a0335d93de070f6802598cd4a4d%22 "HTTP/1.1 200 OK"
2026-09-17 18:07:38 [INFO] HTTP Request: GET https://huggingface.co/api/resolve-cache/models/adefossez/HTDemucs/cbc8a9b1a87023b7fd74e7b3412e6321c0eab003/htdemucs.yaml?%2Fadefossez%2FHTDemucs%2Fresolve%2Fmain%2Fhtdemucs.yaml=&etag=%220d5f2089fa3e1a0335d93de070f6802598cd4a4d%22 "HTTP/1.1 200 OK"
2026-09-17 18:07:38 [INFO] HTTP Request: HEAD https://huggingface.co/adefossez/HTDemucs/resolve/main/955717e8.safetensors "HTTP/1.1 302 Found"
2026-09-17 18:07:38 [INFO] HTTP Request: GET https://huggingface.co/api/models/adefossez/HTDemucs/xet-read-token/cbc8a9b1a87023b7fd74e7b3412e6321c0eab003 "HTTP/1.1 200 OK"
2026-09-17 18:07:40 [INFO] Separator ready
2026-09-17 18:07:40 [INFO] [1/20] Processing: -3BTKFtZldo_000.flac
2026-09-17 18:07:48 [INFO]   var_db=7.4484 dB
2026-09-17 18:07:48 [INFO] [2/20] Processing: -3BTKFtZldo_001.flac
2026-09-17 18:07:54 [INFO]   var_db=4.5197 dB
2026-09-17 18:07:54 [INFO] [3/20] Processing: -3BTKFtZldo_002.flac
2026-09-17 18:07:55 [INFO]   var_db=0.5015 dB
2026-09-17 18:07:55 [INFO] [4/20] Processing: -9oY4_qcCfg_000.flac
2026-09-17 18:07:58 [INFO]   var_db=31.3644 dB
2026-09-17 18:07:58 [INFO] [5/20] Processing: -9oY4_qcCfg_001.flac
2026-09-17 18:08:01 [INFO]   var_db=19.2801 dB
2026-09-17 18:08:01 [INFO] [6/20] Processing: -9oY4_qcCfg_002.flac
2026-09-17 18:08:02 [INFO]   var_db=21.8025 dB
2026-09-17 18:08:02 [INFO] [7/20] Processing: -9oY4_qcCfg_003.flac
2026-09-17 18:08:11 [INFO]   var_db=18.9429 dB
2026-09-17 18:08:11 [INFO] [8/20] Processing: -9oY4_qcCfg_004.flac
2026-09-17 18:08:14 [INFO]   var_db=17.7935 dB
2026-09-17 18:08:14 [INFO] [9/20] Processing: -9oY4_qcCfg_005.flac
2026-09-17 18:08:15 [INFO]   var_db=23.7312 dB
2026-09-17 18:08:15 [INFO] [10/20] Processing: -9oY4_qcCfg_006.flac
2026-09-17 18:08:16 [INFO]   var_db=18.8060 dB
2026-09-17 18:08:16 [INFO] [11/20] Processing: -9oY4_qcCfg_007.flac
2026-09-17 18:08:17 [INFO]   var_db=15.8343 dB
2026-09-17 18:08:17 [INFO] [12/20] Processing: -9oY4_qcCfg_008.flac
2026-09-17 18:08:20 [INFO]   var_db=20.6694 dB
2026-09-17 18:08:20 [INFO] [13/20] Processing: -9oY4_qcCfg_009.flac
2026-09-17 18:08:22 [INFO]   var_db=22.8783 dB
2026-09-17 18:08:22 [INFO] [14/20] Processing: -9oY4_qcCfg_010.flac
2026-09-17 18:08:24 [INFO]   var_db=22.8272 dB
2026-09-17 18:08:24 [INFO] [15/20] Processing: -9oY4_qcCfg_011.flac
2026-09-17 18:08:26 [INFO]   var_db=15.9955 dB
2026-09-17 18:08:26 [INFO] [16/20] Processing: -9oY4_qcCfg_012.flac
2026-09-17 18:08:29 [INFO]   var_db=17.1018 dB
2026-09-17 18:08:29 [INFO] [17/20] Processing: -9oY4_qcCfg_013.flac
2026-09-17 18:08:30 [INFO]   var_db=18.6702 dB
2026-09-17 18:08:30 [INFO] [18/20] Processing: -9oY4_qcCfg_014.flac
2026-09-17 18:08:32 [INFO]   var_db=21.2351 dB
2026-09-17 18:08:32 [INFO] [19/20] Processing: -9oY4_qcCfg_015.flac
2026-09-17 18:08:33 [INFO]   var_db=42.8340 dB
2026-09-17 18:08:33 [INFO] [20/20] Processing: -RGj8xb9R8A_000.flac
2026-09-17 18:08:41 [INFO]   var_db=12.3886 dB
2026-09-17 18:08:41 [INFO] Results written to: artifacts/trial_20.csv
